// Jest Snapshot v1, https://goo.gl/fbAQLP

exports[`Calendar Component matches snapshot for default render. 1`] = `
<DocumentFragment>
  <section
    class="calendar"
  >
    <header
      class="calendar-header"
    >
      <nav
        aria-label="Week navigation"
        class="week-navigation"
      >
        <button
          aria-label="Previous week"
          class="nav-button"
        >
          ‹
        </button>
        <time
          aria-live="polite"
          class="month-year"
        >
          September 2025
        </time>
        <button
          aria-label="Next week"
          class="nav-button"
        >
          ›
        </button>
      </nav>
    </header>
    <p
      class="calendar-status error"
    >
      Error: fetch is not defined
    </p>
    <div
      class="calendar-body"
    >
      <div
        class="days-of-week-container"
        role="row"
      >
        <div
          aria-label="Sunday, September 14"
          class="days-of-week-item "
          role="columnheader"
        >
          <span
            class="dow-label"
          >
            Sun
          </span>
          <span
            class="dow-date"
          >
            Sep 14
          </span>
        </div>
        <div
          aria-label="Monday, September 15"
          class="days-of-week-item today"
          role="columnheader"
        >
          <span
            class="dow-label"
          >
            Mon
          </span>
          <span
            class="dow-date"
          >
            Sep 15
          </span>
        </div>
        <div
          aria-label="Tuesday, September 16"
          class="days-of-week-item "
          role="columnheader"
        >
          <span
            class="dow-label"
          >
            Tue
          </span>
          <span
            class="dow-date"
          >
            Sep 16
          </span>
        </div>
        <div
          aria-label="Wednesday, September 17"
          class="days-of-week-item "
          role="columnheader"
        >
          <span
            class="dow-label"
          >
            Wed
          </span>
          <span
            class="dow-date"
          >
            Sep 17
          </span>
        </div>
        <div
          aria-label="Thursday, September 18"
          class="days-of-week-item "
          role="columnheader"
        >
          <span
            class="dow-label"
          >
            Thu
          </span>
          <span
            class="dow-date"
          >
            Sep 18
          </span>
        </div>
        <div
          aria-label="Friday, September 19"
          class="days-of-week-item "
          role="columnheader"
        >
          <span
            class="dow-label"
          >
            Fri
          </span>
          <span
            class="dow-date"
          >
            Sep 19
          </span>
        </div>
        <div
          aria-label="Saturday, September 20"
          class="days-of-week-item "
          role="columnheader"
        >
          <span
            class="dow-label"
          >
            Sat
          </span>
          <span
            class="dow-date"
          >
            Sep 20
          </span>
        </div>
      </div>
      <div
        class="week-view"
      >
        <div
          data-testid="week-day-column"
        >
          <span>
            Sun Sep 14 2025
          </span>
        </div>
        <div
          data-testid="week-day-column"
        >
          <span>
            Mon Sep 15 2025
          </span>
        </div>
        <div
          data-testid="week-day-column"
        >
          <span>
            Tue Sep 16 2025
          </span>
        </div>
        <div
          data-testid="week-day-column"
        >
          <span>
            Wed Sep 17 2025
          </span>
        </div>
        <div
          data-testid="week-day-column"
        >
          <span>
            Thu Sep 18 2025
          </span>
        </div>
        <div
          data-testid="week-day-column"
        >
          <span>
            Fri Sep 19 2025
          </span>
        </div>
        <div
          data-testid="week-day-column"
        >
          <span>
            Sat Sep 20 2025
          </span>
        </div>
      </div>
    </div>
  </section>
</DocumentFragment>
`;
